// Jest Snapshot v1, https://goo.gl/fbAQLP

exports[`CardContainer match snapshot 1`] = `
ShallowWrapper {
  "length": 1,
  Symbol(enzyme.__root__): [Circular],
  Symbol(enzyme.__unrendered__): <CardContainer
    data={
        Array [
            Object {
              "description": "rav4",
              "name": "vehicle1",
              "number": 5,
              "type": "toyota",
            },
            Object {
              "description": "equinox",
              "name": "vehicle1",
              "number": 6,
              "type": "chevy",
            },
          ]
    }
/>,
  Symbol(enzyme.__renderer__): Object {
    "batchedUpdates": [Function],
    "getNode": [Function],
    "render": [Function],
    "simulateEvent": [Function],
    "unmount": [Function],
  },
  Symbol(enzyme.__node__): Object {
    "instance": null,
    "key": undefined,
    "nodeType": "host",
    "props": Object {
      "children": Array [
        <Card
          description="rav4"
          favoriteCard={undefined}
          id="vehicle1"
          name="vehicle1"
          numer={5}
          type="toyota"
/>,
        <Card
          description="equinox"
          favoriteCard={undefined}
          id="vehicle1"
          name="vehicle1"
          numer={6}
          type="chevy"
/>,
      ],
      "className": "cards",
    },
    "ref": null,
    "rendered": Array [
      Object {
        "instance": null,
        "key": "0",
        "nodeType": "function",
        "props": Object {
          "description": "rav4",
          "favoriteCard": undefined,
          "id": "vehicle1",
          "name": "vehicle1",
          "numer": 5,
          "type": "toyota",
        },
        "ref": null,
        "rendered": null,
        "type": [Function],
      },
      Object {
        "instance": null,
        "key": "1",
        "nodeType": "function",
        "props": Object {
          "description": "equinox",
          "favoriteCard": undefined,
          "id": "vehicle1",
          "name": "vehicle1",
          "numer": 6,
          "type": "chevy",
        },
        "ref": null,
        "rendered": null,
        "type": [Function],
      },
    ],
    "type": "section",
  },
  Symbol(enzyme.__nodes__): Array [
    Object {
      "instance": null,
      "key": undefined,
      "nodeType": "host",
      "props": Object {
        "children": Array [
          <Card
            description="rav4"
            favoriteCard={undefined}
            id="vehicle1"
            name="vehicle1"
            numer={5}
            type="toyota"
/>,
          <Card
            description="equinox"
            favoriteCard={undefined}
            id="vehicle1"
            name="vehicle1"
            numer={6}
            type="chevy"
/>,
        ],
        "className": "cards",
      },
      "ref": null,
      "rendered": Array [
        Object {
          "instance": null,
          "key": "0",
          "nodeType": "function",
          "props": Object {
            "description": "rav4",
            "favoriteCard": undefined,
            "id": "vehicle1",
            "name": "vehicle1",
            "numer": 5,
            "type": "toyota",
          },
          "ref": null,
          "rendered": null,
          "type": [Function],
        },
        Object {
          "instance": null,
          "key": "1",
          "nodeType": "function",
          "props": Object {
            "description": "equinox",
            "favoriteCard": undefined,
            "id": "vehicle1",
            "name": "vehicle1",
            "numer": 6,
            "type": "chevy",
          },
          "ref": null,
          "rendered": null,
          "type": [Function],
        },
      ],
      "type": "section",
    },
  ],
  Symbol(enzyme.__options__): Object {
    "adapter": ReactSixteenAdapter {
      "options": Object {
        "enableComponentDidUpdateOnSetState": true,
      },
    },
  },
}
`;
