// Jest Snapshot v1, https://goo.gl/fbAQLP

exports[`ScrollingText snapshot test 1`] = `
ShallowWrapper {
  "length": 1,
  Symbol(enzyme.__root__): [Circular],
  Symbol(enzyme.__unrendered__): <ScrollingText
    filmData={
        Array [
            Object {
              "opening_crawl": "text",
              "release_date": "yesterday",
              "title": "a new hope",
            },
            Object {
              "opening_crawl": "more text",
              "release_date": "tomorrow",
              "title": "another title",
            },
            Object {
              "opening_crawl": "more text",
              "release_date": "tomorrow",
              "title": "another title",
            },
            Object {
              "opening_crawl": "more text",
              "release_date": "tomorrow",
              "title": "another title",
            },
            Object {
              "opening_crawl": "more text",
              "release_date": "tomorrow",
              "title": "another title",
            },
            Object {
              "opening_crawl": "more text",
              "release_date": "tomorrow",
              "title": "another title",
            },
            Object {
              "opening_crawl": "more text",
              "release_date": "tomorrow",
              "title": "another title",
            },
          ]
    }
/>,
  Symbol(enzyme.__renderer__): Object {
    "batchedUpdates": [Function],
    "getNode": [Function],
    "render": [Function],
    "simulateEvent": [Function],
    "unmount": [Function],
  },
  Symbol(enzyme.__node__): Object {
    "instance": null,
    "key": undefined,
    "nodeType": "host",
    "props": Object {
      "children": Array [
        <h1>
          another title
</h1>,
        <p />,
      ],
      "className": "scrolling-text",
    },
    "ref": null,
    "rendered": Array [
      Object {
        "instance": null,
        "key": undefined,
        "nodeType": "host",
        "props": Object {
          "children": "another title",
        },
        "ref": null,
        "rendered": "another title",
        "type": "h1",
      },
      Object {
        "instance": null,
        "key": undefined,
        "nodeType": "host",
        "props": Object {
          "children": undefined,
        },
        "ref": null,
        "rendered": null,
        "type": "p",
      },
    ],
    "type": "section",
  },
  Symbol(enzyme.__nodes__): Array [
    Object {
      "instance": null,
      "key": undefined,
      "nodeType": "host",
      "props": Object {
        "children": Array [
          <h1>
            another title
</h1>,
          <p />,
        ],
        "className": "scrolling-text",
      },
      "ref": null,
      "rendered": Array [
        Object {
          "instance": null,
          "key": undefined,
          "nodeType": "host",
          "props": Object {
            "children": "another title",
          },
          "ref": null,
          "rendered": "another title",
          "type": "h1",
        },
        Object {
          "instance": null,
          "key": undefined,
          "nodeType": "host",
          "props": Object {
            "children": undefined,
          },
          "ref": null,
          "rendered": null,
          "type": "p",
        },
      ],
      "type": "section",
    },
  ],
  Symbol(enzyme.__options__): Object {
    "adapter": ReactSixteenAdapter {
      "options": Object {
        "enableComponentDidUpdateOnSetState": true,
      },
    },
  },
}
`;
